------------------------------------------------------------
TimeQuest Timing Analyzer Summary
------------------------------------------------------------

Type  : Slow 1200mV 85C Model Setup 'clkDivSel:U0|clkOut'
Slack : -2.765
TNS   : -81.773

Type  : Slow 1200mV 85C Model Setup 'clk'
Slack : -2.494
TNS   : -83.787

Type  : Slow 1200mV 85C Model Setup 'clkDivSel:U1|clkOut'
Slack : -0.636
TNS   : -1.799

Type  : Slow 1200mV 85C Model Hold 'clk'
Slack : -0.044
TNS   : -0.109

Type  : Slow 1200mV 85C Model Hold 'clkDivSel:U0|clkOut'
Slack : 0.358
TNS   : 0.000

Type  : Slow 1200mV 85C Model Hold 'clkDivSel:U1|clkOut'
Slack : 0.358
TNS   : 0.000

Type  : Slow 1200mV 85C Model Minimum Pulse Width 'clk'
Slack : -3.000
TNS   : -62.000

Type  : Slow 1200mV 85C Model Minimum Pulse Width 'clkDivSel:U0|clkOut'
Slack : -1.000
TNS   : -34.000

Type  : Slow 1200mV 85C Model Minimum Pulse Width 'clkDivSel:U1|clkOut'
Slack : -1.000
TNS   : -4.000

Type  : Slow 1200mV 0C Model Setup 'clkDivSel:U0|clkOut'
Slack : -2.369
TNS   : -70.790

Type  : Slow 1200mV 0C Model Setup 'clk'
Slack : -2.145
TNS   : -67.435

Type  : Slow 1200mV 0C Model Setup 'clkDivSel:U1|clkOut'
Slack : -0.453
TNS   : -1.181

Type  : Slow 1200mV 0C Model Hold 'clk'
Slack : -0.048
TNS   : -0.099

Type  : Slow 1200mV 0C Model Hold 'clkDivSel:U1|clkOut'
Slack : 0.312
TNS   : 0.000

Type  : Slow 1200mV 0C Model Hold 'clkDivSel:U0|clkOut'
Slack : 0.313
TNS   : 0.000

Type  : Slow 1200mV 0C Model Minimum Pulse Width 'clk'
Slack : -3.000
TNS   : -62.000

Type  : Slow 1200mV 0C Model Minimum Pulse Width 'clkDivSel:U0|clkOut'
Slack : -1.000
TNS   : -34.000

Type  : Slow 1200mV 0C Model Minimum Pulse Width 'clkDivSel:U1|clkOut'
Slack : -1.000
TNS   : -4.000

Type  : Fast 1200mV 0C Model Setup 'clkDivSel:U0|clkOut'
Slack : -1.251
TNS   : -32.723

Type  : Fast 1200mV 0C Model Setup 'clk'
Slack : -0.994
TNS   : -23.975

Type  : Fast 1200mV 0C Model Setup 'clkDivSel:U1|clkOut'
Slack : 0.081
TNS   : 0.000

Type  : Fast 1200mV 0C Model Hold 'clk'
Slack : -0.144
TNS   : -0.365

Type  : Fast 1200mV 0C Model Hold 'clkDivSel:U0|clkOut'
Slack : 0.185
TNS   : 0.000

Type  : Fast 1200mV 0C Model Hold 'clkDivSel:U1|clkOut'
Slack : 0.187
TNS   : 0.000

Type  : Fast 1200mV 0C Model Minimum Pulse Width 'clk'
Slack : -3.000
TNS   : -65.312

Type  : Fast 1200mV 0C Model Minimum Pulse Width 'clkDivSel:U0|clkOut'
Slack : -1.000
TNS   : -34.000

Type  : Fast 1200mV 0C Model Minimum Pulse Width 'clkDivSel:U1|clkOut'
Slack : -1.000
TNS   : -4.000

------------------------------------------------------------
