------------------------------------------------------------
TimeQuest Timing Analyzer Summary
------------------------------------------------------------

Type  : Slow 1200mV 85C Model Setup 'clk'
Slack : -2.415
TNS   : -41.653

Type  : Slow 1200mV 85C Model Setup 'clkDiv:U0|clkOut'
Slack : -2.131
TNS   : -41.057

Type  : Slow 1200mV 85C Model Hold 'clk'
Slack : -0.107
TNS   : -0.107

Type  : Slow 1200mV 85C Model Hold 'clkDiv:U0|clkOut'
Slack : 0.357
TNS   : 0.000

Type  : Slow 1200mV 85C Model Minimum Pulse Width 'clk'
Slack : -3.000
TNS   : -30.000

Type  : Slow 1200mV 85C Model Minimum Pulse Width 'clkDiv:U0|clkOut'
Slack : -1.000
TNS   : -28.000

Type  : Slow 1200mV 0C Model Setup 'clk'
Slack : -2.072
TNS   : -34.123

Type  : Slow 1200mV 0C Model Setup 'clkDiv:U0|clkOut'
Slack : -1.826
TNS   : -34.002

Type  : Slow 1200mV 0C Model Hold 'clk'
Slack : -0.094
TNS   : -0.094

Type  : Slow 1200mV 0C Model Hold 'clkDiv:U0|clkOut'
Slack : 0.312
TNS   : 0.000

Type  : Slow 1200mV 0C Model Minimum Pulse Width 'clk'
Slack : -3.000
TNS   : -30.000

Type  : Slow 1200mV 0C Model Minimum Pulse Width 'clkDiv:U0|clkOut'
Slack : -1.000
TNS   : -28.000

Type  : Fast 1200mV 0C Model Setup 'clk'
Slack : -0.882
TNS   : -12.077

Type  : Fast 1200mV 0C Model Setup 'clkDiv:U0|clkOut'
Slack : -0.734
TNS   : -12.997

Type  : Fast 1200mV 0C Model Hold 'clk'
Slack : -0.161
TNS   : -0.161

Type  : Fast 1200mV 0C Model Hold 'clkDiv:U0|clkOut'
Slack : 0.185
TNS   : 0.000

Type  : Fast 1200mV 0C Model Minimum Pulse Width 'clk'
Slack : -3.000
TNS   : -31.512

Type  : Fast 1200mV 0C Model Minimum Pulse Width 'clkDiv:U0|clkOut'
Slack : -1.000
TNS   : -28.000

------------------------------------------------------------
