------------------------------------------------------------
TimeQuest Timing Analyzer Summary
------------------------------------------------------------

Type  : Slow 1200mV 85C Model Setup 'clkDivSel:U1|clkOut'
Slack : -2.584
TNS   : -57.247

Type  : Slow 1200mV 85C Model Setup 'clk'
Slack : -2.376
TNS   : -84.948

Type  : Slow 1200mV 85C Model Hold 'clk'
Slack : -0.174
TNS   : -0.174

Type  : Slow 1200mV 85C Model Hold 'clkDivSel:U1|clkOut'
Slack : 0.357
TNS   : 0.000

Type  : Slow 1200mV 85C Model Minimum Pulse Width 'clk'
Slack : -3.000
TNS   : -57.000

Type  : Slow 1200mV 85C Model Minimum Pulse Width 'clkDivSel:U1|clkOut'
Slack : -1.000
TNS   : -27.000

Type  : Slow 1200mV 0C Model Setup 'clkDivSel:U1|clkOut'
Slack : -2.233
TNS   : -48.855

Type  : Slow 1200mV 0C Model Setup 'clk'
Slack : -2.057
TNS   : -69.934

Type  : Slow 1200mV 0C Model Hold 'clk'
Slack : -0.168
TNS   : -0.168

Type  : Slow 1200mV 0C Model Hold 'clkDivSel:U1|clkOut'
Slack : 0.313
TNS   : 0.000

Type  : Slow 1200mV 0C Model Minimum Pulse Width 'clk'
Slack : -3.000
TNS   : -57.000

Type  : Slow 1200mV 0C Model Minimum Pulse Width 'clkDivSel:U1|clkOut'
Slack : -1.000
TNS   : -27.000

Type  : Fast 1200mV 0C Model Setup 'clkDivSel:U1|clkOut'
Slack : -0.991
TNS   : -20.055

Type  : Fast 1200mV 0C Model Setup 'clk'
Slack : -0.936
TNS   : -25.241

Type  : Fast 1200mV 0C Model Hold 'clk'
Slack : -0.160
TNS   : -0.160

Type  : Fast 1200mV 0C Model Hold 'clkDivSel:U1|clkOut'
Slack : 0.185
TNS   : 0.000

Type  : Fast 1200mV 0C Model Minimum Pulse Width 'clk'
Slack : -3.000
TNS   : -60.079

Type  : Fast 1200mV 0C Model Minimum Pulse Width 'clkDivSel:U1|clkOut'
Slack : -1.000
TNS   : -27.000

------------------------------------------------------------
