------------------------------------------------------------
TimeQuest Timing Analyzer Summary
------------------------------------------------------------

Type  : Slow 1200mV 85C Model Setup 'inst'
Slack : 0.004
TNS   : 0.000

Type  : Slow 1200mV 85C Model Setup 'cnt_clk_in'
Slack : 0.027
TNS   : 0.000

Type  : Slow 1200mV 85C Model Setup 'inst1'
Slack : 0.318
TNS   : 0.000

Type  : Slow 1200mV 85C Model Hold 'cnt_clk_in'
Slack : 0.031
TNS   : 0.000

Type  : Slow 1200mV 85C Model Hold 'inst'
Slack : 0.132
TNS   : 0.000

Type  : Slow 1200mV 85C Model Hold 'inst1'
Slack : 0.385
TNS   : 0.000

Type  : Slow 1200mV 85C Model Minimum Pulse Width 'cnt_clk_in'
Slack : -3.000
TNS   : -4.000

Type  : Slow 1200mV 85C Model Minimum Pulse Width 'inst'
Slack : -1.000
TNS   : -1.000

Type  : Slow 1200mV 85C Model Minimum Pulse Width 'inst1'
Slack : -1.000
TNS   : -1.000

Type  : Slow 1200mV 0C Model Setup 'inst'
Slack : 0.066
TNS   : 0.000

Type  : Slow 1200mV 0C Model Setup 'cnt_clk_in'
Slack : 0.145
TNS   : 0.000

Type  : Slow 1200mV 0C Model Setup 'inst1'
Slack : 0.398
TNS   : 0.000

Type  : Slow 1200mV 0C Model Hold 'cnt_clk_in'
Slack : -0.053
TNS   : -0.053

Type  : Slow 1200mV 0C Model Hold 'inst'
Slack : 0.116
TNS   : 0.000

Type  : Slow 1200mV 0C Model Hold 'inst1'
Slack : 0.341
TNS   : 0.000

Type  : Slow 1200mV 0C Model Minimum Pulse Width 'cnt_clk_in'
Slack : -3.000
TNS   : -4.000

Type  : Slow 1200mV 0C Model Minimum Pulse Width 'inst'
Slack : -1.000
TNS   : -1.000

Type  : Slow 1200mV 0C Model Minimum Pulse Width 'inst1'
Slack : -1.000
TNS   : -1.000

Type  : Fast 1200mV 0C Model Setup 'inst'
Slack : 0.238
TNS   : 0.000

Type  : Fast 1200mV 0C Model Setup 'cnt_clk_in'
Slack : 0.239
TNS   : 0.000

Type  : Fast 1200mV 0C Model Setup 'inst1'
Slack : 0.626
TNS   : 0.000

Type  : Fast 1200mV 0C Model Hold 'cnt_clk_in'
Slack : -0.005
TNS   : -0.005

Type  : Fast 1200mV 0C Model Hold 'inst'
Slack : 0.053
TNS   : 0.000

Type  : Fast 1200mV 0C Model Hold 'inst1'
Slack : 0.208
TNS   : 0.000

Type  : Fast 1200mV 0C Model Minimum Pulse Width 'cnt_clk_in'
Slack : -3.000
TNS   : -4.101

Type  : Fast 1200mV 0C Model Minimum Pulse Width 'inst'
Slack : -1.000
TNS   : -1.000

Type  : Fast 1200mV 0C Model Minimum Pulse Width 'inst1'
Slack : -1.000
TNS   : -1.000

------------------------------------------------------------
